MARS 4.5  Copyright 2003-2014 Pete Sanderson and Kenneth Vollmar

440555555544011111114409999999
