MARS 4.5  Copyright 2003-2014 Pete Sanderson and Kenneth Vollmar

CS 440: Compilersstrings440testing testing5555555440long long long string 
1111111			440 " escaped chars" 9999999
