MARS 4.5  Copyright 2003-2014 Pete Sanderson and Kenneth Vollmar

0
1
0
1
12
0
12
12
