MARS 4.5  Copyright 2003-2014 Pete Sanderson and Kenneth Vollmar

54044012322111111110
