MARS 4.5  Copyright 2003-2014 Pete Sanderson and Kenneth Vollmar

give me a number: 
Here's ur new number: 99
