MARS 4.5  Copyright 2003-2014 Pete Sanderson and Kenneth Vollmar

0Happy
1Happy
2Happy
3Happy
4Happy
5Happy
6Happy
7Happy
8Happy
9Happy
10Happy

