MARS 4.5  Copyright 2003-2014 Pete Sanderson and Kenneth Vollmar

05
04
03
02
01
00

