MARS 4.5  Copyright 2003-2014 Pete Sanderson and Kenneth Vollmar

loop 1 
loop 2 
loop 3 
loop 4 
loop 5 
loop 5 
loop 5 
loop 5 
loop 5 
loop 5 
loop 5 
loop 5 
loop 5 
loop 5 
loop 5 
loop 5 
loop 5 
loop 5 
loop 5 
loop 5 
loop 5 
loop 5 
loop 5 
loop 5 
loop 5 
loop 5 
loop 5 
loop 5 
loop 5 
loop 5 
loop 5 
loop 5 
loop 5 
loop 5 
loop 5 
loop 5 
loop 5 
loop 5 
loop 5 
loop 5 
loop 5 
loop 5 
loop 5 
loop 5 
loop 5 
loop 5 
loop 5 
loop 5 
loop 5 
loop 5 
loop 5 
loop 5 
loop 5 
loop 5 
loop 5 
loop 5 
loop 5 
loop 5 
loop 5 
loop 5 
loop 5 
loop 5 
loop 5 
loop 5 
loop 5 
loop 5 
loop 5 
loop 5 
loop 5 
loop 5 
loop 5 
loop 5 
loop 5 
loop 5 
loop 5 
loop 5 
loop 5 
loop 5 
loop 5 
loop 5 
loop 5 
loop 5 
loop 5 
loop 5 
loop 5 
loop 5 
loop 5 
loop 5 
loop 5 
loop 5 
loop 5 
loop 5 
loop 5 
loop 5 
loop 5 
loop 5 
loop 5 
loop 5 
loop 5 
loop 5 
loop 5 
loop 5 
loop 5 
loop 5 
loop 5 

 END
105
