MARS 4.5  Copyright 2003-2014 Pete Sanderson and Kenneth Vollmar

1
4
9
16
25
36
49
64
81
100

