MARS 4.5  Copyright 2003-2014 Pete Sanderson and Kenneth Vollmar

num4 := num1 + num2
Loc 1
Loc 3
Loc 4: Try your best to reach this loc.

