MARS 4.5  Copyright 2003-2014 Pete Sanderson and Kenneth Vollmar

1
3
6
10
15
21
28
36
45
55
66
78

