MARS 4.5  Copyright 2003-2014 Pete Sanderson and Kenneth Vollmar

5
-4
2
6

