MARS 4.5  Copyright 2003-2014 Pete Sanderson and Kenneth Vollmar

I got a param! - 123456789
