MARS 4.5  Copyright 2003-2014 Pete Sanderson and Kenneth Vollmar

I got a param! - 9
I got two params! - 9 - 0
